Alunos@LMC1-PC03 MINGW64 ~ (master)
$ git config --global user.name "atilarufo"

Alunos@LMC1-PC03 MINGW64 ~ (master)
$ git config --global user.email "atila.rufo05@aluno.ifce.edu.br"

Primeiros comandos, de login, feitos no Git Bash

C:\Users\Alunos>cd Documents

C:\Users\Alunos\Documents>cd mfds git

C:\Users\Alunos\Documents\mfds git>git init
Reinitialized existing Git repository in C:/Users/Alunos/Documents/mfds git/.git/

C:\Users\Alunos\Documents\mfds git>git add gato-x-leao.jpg

C:\Users\Alunos\Documents\mfds git>git commit -m "oi"
[main (root-commit) 7591140] oi
 1 file changed, 0 insertions(+), 0 deletions(-)
 create mode 100644 Gato-x-leao.jpg

C:\Users\Alunos\Documents\mfds git>git branch -M main

C:\Users\Alunos\Documents\mfds git>git remote add origin https://github.com/atilarufo/MFDS_Git.git
error: remote origin already exists.

C:\Users\Alunos\Documents\mfds git>git push -u origin main
info: please complete authentication in your browser...
Enumerating objects: 3, done.
Counting objects: 100% (3/3), done.
Delta compression using up to 8 threads
Compressing objects: 100% (2/2), done.
Writing objects: 100% (3/3), 97.24 KiB | 19.45 MiB/s, done.
Total 3 (delta 0), reused 0 (delta 0), pack-reused 0
To https://github.com/atilarufo/MFDS_Git.git
 * [new branch]      main -> main
branch 'main' set up to track 'origin/main'.

Resto feito pelo Prompt de Comando do Windows.
